// Jest Snapshot v1, https://goo.gl/fbAQLP

exports[`App page is working fine renders App 1`] = `
Object {
  "asFragment": [Function],
  "baseElement": <body>
    <div>
      <header
        class="text-center p-10"
      >
        <nav>
          <ul
            class="flex gap-x-10 items-center relative"
          >
            <div>
              <img
                alt="Nasa Logo"
                class="w-[100px]"
                src="naza.png"
              />
            </div>
            <div
              class="flex gap-x-10 items-center text-[#fc3d21] font-semibold text-[20px] absolute right-[150px]"
            >
              <li>
                <a
                  aria-current="page"
                  class="pb-2 active"
                  href="/"
                  style="border-bottom: 2px solid #FFF;"
                >
                  Show Media
                </a>
              </li>
              <li>
                <a
                  class="pb-2"
                  href="/search-media"
                >
                  Search Media
                </a>
              </li>
            </div>
          </ul>
        </nav>
      </header>
      <div>
        <section
          class="py-10 relative"
        >
          <button
            class="bg-[#062150] px-5 py-2 rounded-[10px] absolute left-[40px] mt-5"
            type="button"
          >
            <a
              href="/search-media"
            >
              Search for Photo Here
            </a>
             
          </button>
          <h1
            class="text-center font-extrabold text-[35px]"
          >
            Welcome to NASA Media Library
          </h1>
          <div
            class="flex-items"
          />
        </section>
      </div>
    </div>
  </body>,
  "container": <div>
    <header
      class="text-center p-10"
    >
      <nav>
        <ul
          class="flex gap-x-10 items-center relative"
        >
          <div>
            <img
              alt="Nasa Logo"
              class="w-[100px]"
              src="naza.png"
            />
          </div>
          <div
            class="flex gap-x-10 items-center text-[#fc3d21] font-semibold text-[20px] absolute right-[150px]"
          >
            <li>
              <a
                aria-current="page"
                class="pb-2 active"
                href="/"
                style="border-bottom: 2px solid #FFF;"
              >
                Show Media
              </a>
            </li>
            <li>
              <a
                class="pb-2"
                href="/search-media"
              >
                Search Media
              </a>
            </li>
          </div>
        </ul>
      </nav>
    </header>
    <div>
      <section
        class="py-10 relative"
      >
        <button
          class="bg-[#062150] px-5 py-2 rounded-[10px] absolute left-[40px] mt-5"
          type="button"
        >
          <a
            href="/search-media"
          >
            Search for Photo Here
          </a>
           
        </button>
        <h1
          class="text-center font-extrabold text-[35px]"
        >
          Welcome to NASA Media Library
        </h1>
        <div
          class="flex-items"
        />
      </section>
    </div>
  </div>,
  "debug": [Function],
  "findAllByAltText": [Function],
  "findAllByDisplayValue": [Function],
  "findAllByLabelText": [Function],
  "findAllByPlaceholderText": [Function],
  "findAllByRole": [Function],
  "findAllByTestId": [Function],
  "findAllByText": [Function],
  "findAllByTitle": [Function],
  "findByAltText": [Function],
  "findByDisplayValue": [Function],
  "findByLabelText": [Function],
  "findByPlaceholderText": [Function],
  "findByRole": [Function],
  "findByTestId": [Function],
  "findByText": [Function],
  "findByTitle": [Function],
  "getAllByAltText": [Function],
  "getAllByDisplayValue": [Function],
  "getAllByLabelText": [Function],
  "getAllByPlaceholderText": [Function],
  "getAllByRole": [Function],
  "getAllByTestId": [Function],
  "getAllByText": [Function],
  "getAllByTitle": [Function],
  "getByAltText": [Function],
  "getByDisplayValue": [Function],
  "getByLabelText": [Function],
  "getByPlaceholderText": [Function],
  "getByRole": [Function],
  "getByTestId": [Function],
  "getByText": [Function],
  "getByTitle": [Function],
  "queryAllByAltText": [Function],
  "queryAllByDisplayValue": [Function],
  "queryAllByLabelText": [Function],
  "queryAllByPlaceholderText": [Function],
  "queryAllByRole": [Function],
  "queryAllByTestId": [Function],
  "queryAllByText": [Function],
  "queryAllByTitle": [Function],
  "queryByAltText": [Function],
  "queryByDisplayValue": [Function],
  "queryByLabelText": [Function],
  "queryByPlaceholderText": [Function],
  "queryByRole": [Function],
  "queryByTestId": [Function],
  "queryByText": [Function],
  "queryByTitle": [Function],
  "rerender": [Function],
  "unmount": [Function],
}
`;
